// Vitest Snapshot v1, https://vitest.dev/guide/snapshot.html

exports[`<DialogContainer/> > Bruker under oppf, elementer synes 1`] = `
<body>
  <div>
    <div
      class="border-r border-border-divider _dialogOversikt_d95bf1"
    >
      <div
        class="_header_d95bf1"
      >
        <a
          class="navds-link _dintnav_d95bf1"
          href="http://www.intern.dev.nav.no/minside"
        >
          <svg
            fill="none"
            focusable="false"
            height="1em"
            role="img"
            viewBox="0 0 24 24"
            width="1em"
            xmlns="http://www.w3.org/2000/svg"
          >
            <path
              clip-rule="evenodd"
              d="M14.53 5.97a.75.75 0 0 1 0 1.06L9.56 12l4.97 4.97a.75.75 0 1 1-1.06 1.06l-5.5-5.5a.75.75 0 0 1 0-1.06l5.5-5.5a.75.75 0 0 1 1.06 0Z"
              fill="currentColor"
              fill-rule="evenodd"
            />
          </svg>
          Min side
        </a>
        <h1
          class="_tittel_d95bf1 navds-heading navds-heading--undefined"
        >
          Dialog med veilederen din
        </h1>
        <div
          class="flex mt-4 justify-between mr-6 items-center"
        >
          <div
            class="_header_1c099b"
          >
            <button
              class="navds-button navds-button--secondary navds-button--medium"
            >
              <span
                class="navds-button__icon"
              >
                <svg
                  fill="none"
                  focusable="false"
                  height="1em"
                  role="img"
                  viewBox="0 0 24 24"
                  width="1em"
                  xmlns="http://www.w3.org/2000/svg"
                >
                  <path
                    clip-rule="evenodd"
                    d="M12.75 5.5a.75.75 0 0 0-1.5 0v5.75H5.5a.75.75 0 0 0 0 1.5h5.75v5.75a.75.75 0 0 0 1.5 0v-5.75h5.75a.75.75 0 0 0 0-1.5h-5.75V5.5Z"
                    fill="currentColor"
                    fill-rule="evenodd"
                  />
                </svg>
              </span>
              <span
                aria-live="polite"
                class="navds-label"
              >
                Ny dialog
              </span>
            </button>
          </div>
          <a
            href="/informasjon"
          >
            <span
              class="flex"
            >
              <span>
                Om dialog
              </span>
              <svg
                class="w-6 h-6"
                fill="none"
                focusable="false"
                height="1em"
                role="img"
                viewBox="0 0 24 24"
                width="1em"
                xmlns="http://www.w3.org/2000/svg"
              >
                <path
                  clip-rule="evenodd"
                  d="M10.25 9.5c0-.58.19-1.004.468-1.282S11.42 7.75 12 7.75c.58 0 1.004.19 1.282.468s.468.702.468 1.282c0 .158-.064.35-.25.61-.192.269-.457.537-.78.86l-.022.02c-.297.298-.647.648-.918 1.027-.282.395-.53.89-.53 1.483v.5a.75.75 0 0 0 1.5 0v-.5c0-.158.064-.35.25-.61.192-.269.457-.537.78-.86l.022-.02c.297-.298.647-.648.918-1.027.282-.395.53-.89.53-1.483 0-.92-.31-1.746-.907-2.343S12.92 6.25 12 6.25c-.92 0-1.746.31-2.343.907S8.75 8.58 8.75 9.5a.75.75 0 0 0 1.5 0Zm1.75 6a1 1 0 1 0 0 2 1 1 0 0 0 0-2Z"
                  fill="currentColor"
                  fill-rule="evenodd"
                />
              </svg>
            </span>
          </a>
        </div>
      </div>
      <div
        aria-label="Dialoger"
        class="_dialogListe_d95bf1"
        role="navigation"
      >
        <div>
          <div
            aria-label="Dialogliste"
            role="list"
          >
            <div
              data-flip-config="{\\"translate\\":true,\\"scale\\":true,\\"opacity\\":true}"
              data-flip-id="1"
              data-portal-key="portal"
              role="listitem"
            >
              <a
                class="navds-panel navds-link-panel my-2 border _preview_f5da6d navds-panel--border"
                href="/1"
              >
                <div
                  class="navds-link-panel__content"
                >
                  <div
                    class="flex"
                  >
                    <div
                      class="_markoerLest_f5da6d"
                    />
                    <div
                      aria-hidden="true"
                      class="_ikon_ba0748"
                    >
                      <svg
                        class="w-10 h-10"
                        focusable="false"
                        style="enable-background: new 0 0 24 24;"
                        viewBox="0 0 24 24"
                        x="0px"
                        xml:space="preserve"
                        xmlns="http://www.w3.org/2000/svg"
                        y="0px"
                      >
                        <title>
                          Dialog om aktivitet
                        </title>
                        <style
                          type="text/css"
                        >
                          
	.st0{fill:none;}
	.st1{fill:#3E3832;}

                        </style>
                        <g>
                          <path
                            class="st0"
                            d="M18.1,4H3.9C2.3,4,1,5.3,1,6.9v9.2C1,17.7,2.3,19,3.9,19H11v-7h10V6.9C21,5.3,19.7,4,18.1,4z"
                          />
                          <path
                            class="st1"
                            d="M3.9,19C2.3,19,1,17.7,1,16.1V6.9C1,5.3,2.3,4,3.9,4h14.2C19.7,4,21,5.3,21,6.9V12h1V6.9C22,4.7,20.3,3,18.1,3 H3.9C1.7,3,0,4.7,0,6.9v9.2C0,18.3,1.7,20,3.9,20H11v-1H3.9z"
                          />
                        </g>
                        <g>
                          <path
                            class="st1"
                            d="M18.5,12.8c-3.2,0-5.8,2.1-5.8,4.7c0,1.2,0.5,2.3,1.5,3.1l-1,2c-0.1,0.2-0.1,0.4,0.1,0.5 c0.1,0.1,0.2,0.1,0.3,0.1c0.1,0,0.2,0,0.2,0l2.9-1.3c0.6,0.1,1.2,0.2,1.8,0.2c3.2,0,5.8-2.1,5.8-4.7C24.2,14.9,21.7,12.8,18.5,12.8 z M18.5,21.2c-0.6,0-1.2-0.1-1.7-0.2c-0.1,0-0.2,0-0.3,0l-1.8,0.8l0.6-1.1c0.1-0.2,0-0.5-0.1-0.6c-0.9-0.7-1.4-1.6-1.4-2.6 c0-2.1,2.1-3.7,4.8-3.7s4.8,1.7,4.8,3.7C23.3,19.5,21.1,21.2,18.5,21.2z"
                          />
                        </g>
                        <g>
                          <path
                            class="st1"
                            d="M3.6,8h9.8C13.7,8,14,8.3,14,8.6v0c0,0.3-0.3,0.6-0.6,0.6H3.6C3.3,9.2,3,8.9,3,8.6v0C3,8.3,3.3,8,3.6,8z"
                          />
                        </g>
                        <g>
                          <path
                            class="st1"
                            d="M3.6,11h9.8c0.3,0,0.6,0.3,0.6,0.6v0c0,0.3-0.3,0.6-0.6,0.6H3.6c-0.3,0-0.6-0.3-0.6-0.6v0 C3,11.3,3.3,11,3.6,11z"
                          />
                        </g>
                        <g>
                          <path
                            class="st1"
                            d="M3.6,14h1.8C5.7,14,6,14.3,6,14.6v0c0,0.3-0.3,0.6-0.6,0.6H3.6c-0.3,0-0.6-0.3-0.6-0.6v0C3,14.3,3.3,14,3.6,14 z"
                          />
                        </g>
                      </svg>
                    </div>
                    <div
                      class="flex-1 "
                    >
                      <p
                        class="hidden navds-body-short"
                      >
                        Dialog om aktivitet
                      </p>
                      <p
                        class="_heading_f5da6d navds-heading navds-heading--undefined"
                      >
                        Memes
                      </p>
                      <p
                        class="_dato_f5da6d navds-body-short"
                      >
                        28.01.2018
                      </p>
                      <p
                        class="hidden navds-body-short"
                      >
                        2 meldinger i dialogen
                      </p>
                    </div>
                    <p
                      aria-hidden="true"
                      class="navds-body-short"
                    >
                      2
                    </p>
                    <div />
                  </div>
                </div>
                <svg
                  aria-hidden="true"
                  class="navds-link-panel__chevron"
                  fill="none"
                  focusable="false"
                  height="1em"
                  role="img"
                  viewBox="0 0 24 24"
                  width="1em"
                  xmlns="http://www.w3.org/2000/svg"
                >
                  <path
                    clip-rule="evenodd"
                    d="m17.414 12-7.707 7.707-1.414-1.414L14.586 12 8.293 5.707l1.414-1.414L17.414 12Z"
                    fill="currentColor"
                    fill-rule="evenodd"
                  />
                </svg>
              </a>
            </div>
          </div>
        </div>
      </div>
    </div>
  </div>
</body>
`;
