// Jest Snapshot v1, https://goo.gl/fbAQLP

exports[`<AktivitetskortPreview /> skal rendre stillingsaktivitet som i snapshot 1`] = `
<AktivitetskortPreview
  aktivitetId="123"
>
  <section
    aria-label="Aktivitet knyttet til dialog"
  >
    <Systemtittel
      className="visually-hidden"
    >
      <TypografiBase
        className="visually-hidden"
        type="systemtittel"
      >
        <h2
          className="typo-systemtittel visually-hidden"
        >
          Aktivitet knyttet til dialog
        </h2>
      </TypografiBase>
    </Systemtittel>
    <Undertittel>
      <TypografiBase
        type="undertittel"
      >
        <h2
          className="typo-undertittel"
        >
          Stilling
          : 
          Kantinemedarbeider
        </h2>
      </TypografiBase>
    </Undertittel>
    <LenkepanelBase
      border={false}
      href="/aktivitetsplan/aktivitet/vis/123"
      linkCreator={[Function]}
      onClick={[Function]}
    >
      <a
        className="lenkepanel"
        href="/aktivitetsplan/aktivitet/vis/123"
        onClick={[Function]}
      >
        <div>
          <div>
            <EtikettLiten>
              <TypografiBase
                type="etikettLiten"
              >
                <p
                  className="typo-etikett-liten"
                >
                  Stilling
                </p>
              </TypografiBase>
            </EtikettLiten>
            <Undertittel
              id="dialog_header_2"
            >
              <TypografiBase
                id="dialog_header_2"
                type="undertittel"
              >
                <h2
                  className="typo-undertittel"
                  id="dialog_header_2"
                >
                  Kantinemedarbeider
                </h2>
              </TypografiBase>
            </Undertittel>
            <Undertekst>
              <TypografiBase
                type="undertekst"
              >
                <p
                  className="typo-undertekst"
                >
                  Testesen
                </p>
              </TypografiBase>
            </Undertekst>
          </div>
          <p>
            GÃ¥ til aktiviteten
          </p>
        </div>
        <span
          className="lenkepanel__indikator"
          key="indikator"
        />
      </a>
    </LenkepanelBase>
  </section>
</AktivitetskortPreview>
`;
