// Vitest Snapshot v1, https://vitest.dev/guide/snapshot.html

exports[`<DialogMedAktivitetHeader /> > skal rendre stillingsaktivitet som i snapshot 1`] = `
<body>
  <div />
</body>
`;
