// Jest Snapshot v1, https://goo.gl/fbAQLP

exports[`<InformasjonElement /> skal matche snapshot n√•r EksternLenke er child 1`] = `
<InformasjonElementRaw
  merkelapptekst="merkelappteksten"
>
  <div>
    <Undertekst>
      <TypografiBase
        type="undertekst"
      >
        <p
          className="typo-undertekst"
        >
          merkelappteksten
        </p>
      </TypografiBase>
    </Undertekst>
    <EksternLenke
      lenke="nav.no"
    >
      <Lenke
        href="http://nav.no"
      >
        <a
          className="lenke"
          href="http://nav.no"
        >
          nav.no
          <ForwardRef(SvgEksternLenke)>
            <svg>
              ekstern-lenke.svg
            </svg>
          </ForwardRef(SvgEksternLenke)>
        </a>
      </Lenke>
    </EksternLenke>
  </div>
</InformasjonElementRaw>
`;
